[
  {
    "Raw": "code.google.com/p/go.net/ipv6",
    "Target": {
      "ToRepoCloneURL": "https://code.google.com/p/go.net",
      "ToUnit": "code.google.com/p/go.net/ipv6",
      "ToUnitType": "GoPackage",
      "ToVersionString": "",
      "ToRevSpec": ""
    }
  },
  {
    "Raw": "code.google.com/p/go.tools/go/types",
    "Target": {
      "ToRepoCloneURL": "https://code.google.com/p/go.tools",
      "ToUnit": "code.google.com/p/go.tools/go/types",
      "ToUnitType": "GoPackage",
      "ToVersionString": "",
      "ToRevSpec": ""
    }
  }
]